# verify_accessions.py run 2026-09-10
# candidates: config/candidates_step1.ini   outdir: data   log: data\verify_accessions.log

[MYH7] querying ...
[MYH2] querying ...
[MYH1] querying ...
[MYH4] querying ...
[MYL1] querying ...
[MYLPF] querying ...
[MYL11] querying ...
[MYL3] querying ...
[MYL2] querying ...
[ACTA1] querying ...
[TTN] querying ...
[NEB] querying ...
[TPM1] querying ...
[TPM2] querying ...
[TPM3] querying ...
[TNNT1] querying ...
[TNNT3] querying ...
[TNNI1] querying ...
[TNNI2] querying ...
[TNNC1] querying ...
[TNNC2] querying ...
[MYBPC1] querying ...
[MYBPC2] querying ...
[ACTN2] querying ...
[ACTN3] querying ...
[MYOM1] querying ...
[MYOM2] querying ...
[DES] querying ...
[OBSCN] querying ...
[MYOT] querying ...
[LDB3] querying ...
[CSRP3] querying ...
[MYOZ1] querying ...
[MYOZ2] querying ...
[TMOD1] querying ...
[TMOD4] querying ...
[CAPZA1] querying ...
[CAPZA2] querying ...
[CAPZB] querying ...
[CKM] querying ...
[ALDOA] querying ...
[GAPDH] querying ...
[PKM] querying ...
[ENO3] querying ...
[PGAM2] querying ...
[TPI1] querying ...
[PGK1] querying ...
[GPI] querying ...
[LDHA] querying ...
[MB] querying ...
[PVALB] querying ...
[CA3] querying ...
[PYGM] querying ...
[AK1] querying ...

gene     group      seed     uniprot      len   sv  iso  status
MYH7     tier1      P12883   P12883      1935    5    0  ok
MYH2     tier1      Q9UKX2   Q9UKX2      1941    1    2  ok
MYH1     tier1      P12882   P12882      1939    3    0  ok
MYH4     tier1      Q9Y623   Q9Y623      1939    2    0  ok
MYL1     tier1      P05976   P05976       194    3    2  ok
MYLPF    tier1      Q96A32   NONE                        NO-HIT
MYL11    tier1      Q96A32   Q96A32       169    1    0  ok
MYL3     tier1      P08590   P08590       195    3    0  ok
MYL2     tier1      P10916   P10916       166    3    0  ok
ACTA1    tier1      P68133   P68133       377    1    0  ok
TTN      tier1      Q8WZ42   Q8WZ42     34350    4   13  ok
NEB      tier1      P20929   P20929      8525    6    4  ok
TPM1     tier1      P09493   P09493       284    2   10  ok
TPM2     tier1      P07951   P07951       284    1    3  ok
TPM3     tier1      P06753   P06753       285    2    7  ok
TNNT1    tier1      P13805   P13805       278    4    3  ok
TNNT3    tier1      P45378   P45378       269    3    7  ok
TNNI1    tier1      P19237   P19237       187    3    0  ok
TNNI2    tier1      P48788   P48788       182    2    2  ok
TNNC1    tier1      P63316   P63316       161    1    0  ok
TNNC2    tier1      P02585   P02585       160    2    0  ok
MYBPC1   tier1      Q00872   Q00872      1141    2   10  ok
MYBPC2   tier1      Q14324   Q14324      1141    2    0  ok
ACTN2    tier1      P35609   P35609       894    1    2  ok
ACTN3    tier1      Q08043   Q08043       901    2    0  ok
MYOM1    borderline P52179   P52179      1685    2    2  ok
MYOM2    borderline P54296   P54296      1465    3    0  ok
DES      borderline P17661   P17661       470    3    0  ok
OBSCN    borderline Q5VST9   Q5VST9      7968    4    5  ok
MYOT     borderline Q9UBF9   Q9UBF9       498    3    2  ok
LDB3     borderline O75112   O75112       727    2    7  ok
CSRP3    borderline P50461   P50461       194    1    2  ok
MYOZ1    borderline Q9NP98   Q9NP98       299    1    0  ok
MYOZ2    borderline Q9NPC6   Q9NPC6       264    1    0  ok
TMOD1    borderline P28289   P28289       359    1    2  ok
TMOD4    borderline Q9NZR1   Q9NZQ9       345    1    2  SEED-MISMATCH
CAPZA1   borderline          P52907       286    3    0  ok
CAPZA2   borderline          P47755       286    3    2  ok
CAPZB    borderline          P47756       272    5    3  ok
CKM      tier2               P06732       381    2    0  ok
ALDOA    tier2               P04075       364    2    2  ok
GAPDH    tier2               P04406       335    3    2  ok
PKM      tier2               P14618       531    4    3  ok
ENO3     tier2               P13929       434    5    3  ok
PGAM2    tier2               P15259       253    3    0  ok
TPI1     tier2               P60174       249    4    3  ok
PGK1     tier2               P00558       417    3    2  ok
GPI      tier2               P06744       558    4    2  ok
LDHA     tier2               P00338       332    2    5  ok
MB       tier2               P02144       154    2    0  ok
PVALB    tier2               P20472       110    2    0  ok
CA3      tier2               P07451       260    3    0  ok
PYGM     tier2               P11217       842    6    2  ok
AK1      tier2               P00568       194    3    0  ok

UniProt release: 2026_03
Wrote data\uniprot_verification.ini and raw files under data\uniprot_raw/

FLAGS (require a human decision or a fix):
  - MYH2: 2 isoforms — choose in accessions.ini
  - MYL1: processing features ['Initiator methionine'] — segments.ini
  - MYL1: 2 isoforms — choose in accessions.ini
  - MYLPF: no entry with PRIMARY gene MYLPF, but matched as synonym: Q96A32 (primary gene MYL11) — symbol probably renamed; re-run with the primary symbol
  - MYL11: processing features ['Initiator methionine'] — segments.ini
  - MYL3: processing features ['Initiator methionine'] — segments.ini
  - MYL2: processing features ['Initiator methionine'] — segments.ini
  - ACTA1: processing features ['Initiator methionine'] — segments.ini
  - TTN: 13 isoforms — choose in accessions.ini
  - NEB: 4 isoforms — choose in accessions.ini
  - TPM1: 10 isoforms — choose in accessions.ini
  - TPM2: 3 isoforms — choose in accessions.ini
  - TPM3: processing features ['Initiator methionine'] — segments.ini
  - TPM3: 7 isoforms — choose in accessions.ini
  - TNNT1: 3 isoforms — choose in accessions.ini
  - TNNT3: processing features ['Initiator methionine'] — segments.ini
  - TNNT3: 7 isoforms — choose in accessions.ini
  - TNNI1: processing features ['Initiator methionine'] — segments.ini
  - TNNI2: processing features ['Initiator methionine'] — segments.ini
  - TNNI2: 2 isoforms — choose in accessions.ini
  - TNNC2: processing features ['Initiator methionine'] — segments.ini
  - MYBPC1: 10 isoforms — choose in accessions.ini
  - ACTN2: 2 isoforms — choose in accessions.ini
  - MYOM1: 2 isoforms — choose in accessions.ini
  - DES: processing features ['Initiator methionine'] — segments.ini
  - OBSCN: 5 isoforms — choose in accessions.ini
  - MYOT: 2 isoforms — choose in accessions.ini
  - LDB3: 7 isoforms — choose in accessions.ini
  - CSRP3: 2 isoforms — choose in accessions.ini
  - TMOD1: 2 isoforms — choose in accessions.ini
  - TMOD4: seed Q9NZR1 != UniProt Q9NZQ9
  - TMOD4: 2 isoforms — choose in accessions.ini
  - CAPZA1: processing features ['Initiator methionine'] — segments.ini
  - CAPZA2: processing features ['Initiator methionine'] — segments.ini
  - CAPZA2: 2 isoforms — choose in accessions.ini
  - CAPZB: processing features ['Initiator methionine'] — segments.ini
  - CAPZB: 3 isoforms — choose in accessions.ini
  - ALDOA: processing features ['Initiator methionine'] — segments.ini
  - ALDOA: 2 isoforms — choose in accessions.ini
  - GAPDH: processing features ['Initiator methionine'] — segments.ini
  - GAPDH: 2 isoforms — choose in accessions.ini
  - PKM: processing features ['Initiator methionine'] — segments.ini
  - PKM: 3 isoforms — choose in accessions.ini
  - ENO3: processing features ['Initiator methionine'] — segments.ini
  - ENO3: 3 isoforms — choose in accessions.ini
  - TPI1: processing features ['Initiator methionine'] — segments.ini
  - TPI1: 3 isoforms — choose in accessions.ini
  - PGK1: processing features ['Initiator methionine'] — segments.ini
  - PGK1: 2 isoforms — choose in accessions.ini
  - GPI: processing features ['Initiator methionine'] — segments.ini
  - GPI: 2 isoforms — choose in accessions.ini
  - LDHA: processing features ['Initiator methionine'] — segments.ini
  - LDHA: 5 isoforms — choose in accessions.ini
  - MB: processing features ['Initiator methionine'] — segments.ini
  - PVALB: processing features ['Initiator methionine'] — segments.ini
  - CA3: processing features ['Initiator methionine'] — segments.ini
  - PYGM: processing features ['Initiator methionine'] — segments.ini
  - PYGM: 2 isoforms — choose in accessions.ini
Log written to data\verify_accessions.log
